=== KEYS ===
['detail']

=== ERRORS ===
[]

=== syntax_tree exists? ===
False

=== syntax_tree_ascii ===
len=0
REPR: ''
DISPLAY:


=== semantic_tree_ascii ===
len=0
REPR: ''
DISPLAY:

